Detected differing memory amounts:
Memory reported by CGroup: 8796093019461.89 MB
Memory reported by /proc/meminfo: 15323.08 MB
Memory reported by Node: 15323.08 MB
You might have inadvertently set the --memory flag of `docker run` to a value that is higher than the global Docker memory limit.
Using the lower amount of memory for calculation.
Bundling 6%
Bundling 22%
Bundling 33%
Bundling 62%
Bundling 69%
Bundling 74%
Bundling 80%
Bundling 85%
Bundling 90%
Bundling 95%
Bundling 100%
Getting composition
Detected differing memory amounts:
Memory reported by CGroup: 8796093018997.52 MB
Memory reported by /proc/meminfo: 14870.15 MB
Memory reported by Node: 14870.15 MB
You might have inadvertently set the --memory flag of `docker run` to a value that is higher than the global Docker memory limit.
Using the lower amount of memory for calculation.
Composition          Showreel
Codec                h264
Output               out/showreel.mp4
Concurrency          4x
Detected differing memory amounts:
Memory reported by CGroup: 8796093018996.44 MB
Memory reported by /proc/meminfo: 14854.36 MB
Memory reported by Node: 14854.36 MB
You might have inadvertently set the --memory flag of `docker run` to a value that is higher than the global Docker memory limit.
Using the lower amount of memory for calculation.
Rendered 0/2340
Detected differing memory amounts:
Memory reported by CGroup: 8796093018966.04 MB
Memory reported by /proc/meminfo: 14838.05 MB
Memory reported by Node: 14838.05 MB
You might have inadvertently set the --memory flag of `docker run` to a value that is higher than the global Docker memory limit.
Using the lower amount of memory for calculation.
Detected differing memory amounts:
Memory reported by CGroup: 8796093018942.61 MB
Memory reported by /proc/meminfo: 14828.03 MB
Memory reported by Node: 14828.03 MB
You might have inadvertently set the --memory flag of `docker run` to a value that is higher than the global Docker memory limit.
Using the lower amount of memory for calculation.
Detected differing memory amounts:
Memory reported by CGroup: 8796093018940.43 MB
Memory reported by /proc/meminfo: 14824.67 MB
Memory reported by Node: 14824.67 MB
You might have inadvertently set the --memory flag of `docker run` to a value that is higher than the global Docker memory limit.
Using the lower amount of memory for calculation.
Detected differing memory amounts:
Memory reported by CGroup: 8796093018940.26 MB
Memory reported by /proc/meminfo: 14824.67 MB
Memory reported by Node: 14824.67 MB
You might have inadvertently set the --memory flag of `docker run` to a value that is higher than the global Docker memory limit.
Using the lower amount of memory for calculation.
Rendered 1/2340, time remaining: 1h 7m 28s
Rendered 2/2340, time remaining: 37m 4s
Rendered 3/2340, time remaining: 27m 0s
Rendered 4/2340, time remaining: 20m 14s
Rendered 5/2340, time remaining: 18m 20s
Rendered 6/2340, time remaining: 15m 30s
Rendered 7/2340, time remaining: 14m 18s
Rendered 8/2340, time remaining: 13m 28s
Rendered 9/2340, time remaining: 12m 13s
Rendered 10/2340, time remaining: 11m 37s
Rendered 11/2340, time remaining: 10m 57s
Rendered 12/2340, time remaining: 10m 25s
Rendered 13/2340, time remaining: 9m 52s
Rendered 14/2340, time remaining: 9m 24s
Rendered 15/2340, time remaining: 9m 29s
Rendered 16/2340, time remaining: 8m 58s
Rendered 17/2340, time remaining: 9m 10s
Rendered 18/2340, time remaining: 8m 47s
Rendered 19/2340, time remaining: 8m 41s
Rendered 20/2340, time remaining: 8m 29s
Rendered 21/2340, time remaining: 8m 29s
Rendered 22/2340, time remaining: 8m 12s
Rendered 23/2340, time remaining: 8m 9s
Rendered 24/2340, time remaining: 7m 59s
Rendered 25/2340, time remaining: 7m 51s
Rendered 26/2340, time remaining: 7m 57s
Rendered 27/2340, time remaining: 7m 39s
Rendered 28/2340, time remaining: 7m 45s
Rendered 28/2340, time remaining: 7m 45s
Rendered 29/2340, time remaining: 7m 37s
Rendered 30/2340, time remaining: 7m 37s
Rendered 31/2340, time remaining: 7m 24s
Rendered 32/2340, time remaining: 7m 11s
Rendered 32/2340, time remaining: 7m 11s
Rendered 33/2340, time remaining: 7m 20s
Rendered 34/2340, time remaining: 7m 13s
Rendered 35/2340, time remaining: 7m 0s
Rendered 36/2340, time remaining: 6m 49s
Rendered 37/2340, time remaining: 6m 53s
Rendered 38/2340, time remaining: 6m 45s
Rendered 38/2340, time remaining: 6m 45s
Rendered 39/2340, time remaining: 6m 39s
Rendered 40/2340, time remaining: 6m 29s
Rendered 41/2340, time remaining: 6m 34s
Rendered 42/2340, time remaining: 6m 25s
Rendered 43/2340, time remaining: 6m 24s
Rendered 43/2340, time remaining: 6m 24s
Rendered 44/2340, time remaining: 6m 15s
Rendered 45/2340, time remaining: 6m 23s
Rendered 46/2340, time remaining: 6m 15s
Rendered 46/2340, time remaining: 6m 15s
Rendered 47/2340, time remaining: 6m 20s
Rendered 48/2340, time remaining: 6m 12s
Rendered 49/2340, time remaining: 6m 9s
Rendered 50/2340, time remaining: 6m 2s
Rendered 51/2340, time remaining: 6m 7s
Rendered 51/2340, time remaining: 6m 7s
Rendered 51/2340, time remaining: 6m 7s
Rendered 52/2340, time remaining: 6m 43s
Rendered 53/2340, time remaining: 6m 35s
Rendered 54/2340, time remaining: 6m 28s
Rendered 55/2340, time remaining: 6m 21s
Rendered 55/2340, time remaining: 6m 21s
Rendered 55/2340, time remaining: 6m 21s
Rendered 56/2340, time remaining: 6m 39s
Rendered 57/2340, time remaining: 6m 36s
Rendered 58/2340, time remaining: 6m 29s
Rendered 59/2340, time remaining: 6m 22s
Rendered 59/2340, time remaining: 6m 22s
Rendered 60/2340, time remaining: 6m 32s
Rendered 61/2340, time remaining: 6m 35s
Rendered 62/2340, time remaining: 6m 30s
Rendered 63/2340, time remaining: 6m 27s
Rendered 63/2340, time remaining: 6m 27s
Rendered 64/2340, time remaining: 6m 31s
